
> jarvis@0.1.0 test
> vitest run


[1m[30m[46m RUN [49m[39m[22m [36mv4.1.4 [39m[90mC:/Users/RobBos/code/repos/rajbos/Jarvis[39m

[90mstdout[2m | tests/unit/onenote-folder-integration.test.ts[2m > [22m[2mOneNote folder integration ΓÇö full pipeline[2m > [22m[2mgroup "single-page"[2m > [22m[2mreads each .one file and returns a named section with pages
[22m[39m  Section: "Untitled Section"  (1 page(s))
    Page 1: "10:57 AM"  [Thursday, September 25, 2025]
      Γå│ Untitled Section Henry Heino ┬▓`─à ┬▓8─à test ┬▓├Ç╚¥

[90mstdout[2m | tests/unit/onenote-folder-integration.test.ts[2m > [22m[2mOneNote folder integration ΓÇö full pipeline[2m > [22m[2mgroup "onenote-2016"[2m > [22m[2mreads each .one file and returns pages with content
[22m[39m  Section: "OneWithFileData"  (1 page(s))
    Page 1: "W]8\[9"  [E:\Works\Protocol team\Test Suites\Package upgrade for 2019\FileSyncandWOPI\testing.docx]
      Γå│ V7"^a Xinwei Li (Shang Hai Wei Chuang Ruan Jian) XL(HWCRJ 2019t 17:06 n0ukD >─Ç<resolutionId provider="AD" hash="FULNxf3GΓÇª

[90mstdout[2m | tests/unit/github-auth-handler.test.ts[2m > [22m[2mGitHub Auth plugin ΓÇö IPC handlers[2m > [22m[2mgithub:oauth-status[2m > [22m[2mreturns { authenticated: false } when no auth is stored
[22m[39m[IPC] github:oauth-status called

[90mstdout[2m | tests/unit/onenote-folder-integration.test.ts[2m > [22m[2mOneNote folder integration ΓÇö full pipeline[2m > [22m[2mcan scan both groups and produce a combined section summary
[22m[39m
ΓöÇΓöÇ OneNote section summary ΓöÇΓöÇΓöÇΓöÇΓöÇΓöÇΓöÇΓöÇΓöÇΓöÇΓöÇΓöÇΓöÇΓöÇΓöÇΓöÇΓöÇΓöÇΓöÇΓöÇΓöÇΓöÇΓöÇΓöÇΓöÇΓöÇΓöÇΓöÇΓöÇΓöÇ

Group: "single-page"  (1 .one file(s) found)
  Section: "Untitled Section"  (1 page(s))
    Page 1: "10:57 AM"  [Thursday, September 25, 2025]
      Γå│ Untitled Section Henry Heino ┬▓`─à ┬▓8─à test ┬▓├Ç╚¥

Group: "onenote-2016"  (1 .one file(s) found)
  Section: "OneWithFileData"  (1 page(s))
    Page 1: "W]8\[9"  [E:\Works\Protocol team\Test Suites\Package upgrade for 2019\FileSyncandWOPI\testing.docx]
      Γå│ V7"^a Xinwei Li (Shang Hai Wei Chuang Ruan Jian) XL(HWCRJ 2019t 17:06 n0ukD >─Ç<resolutionId provider="AD" hash="FULNxf3GΓÇª

ΓöÇΓöÇΓöÇΓöÇΓöÇΓöÇΓöÇΓöÇΓöÇΓöÇΓöÇΓöÇΓöÇΓöÇΓöÇΓöÇΓöÇΓöÇΓöÇΓöÇΓöÇΓöÇΓöÇΓöÇΓöÇΓöÇΓöÇΓöÇΓöÇΓöÇΓöÇΓöÇΓöÇΓöÇΓöÇΓöÇΓöÇΓöÇΓöÇΓöÇΓöÇΓöÇΓöÇΓöÇΓöÇΓöÇΓöÇΓöÇΓöÇΓöÇΓöÇΓöÇΓöÇΓöÇΓöÇΓöÇΓöÇ

 [32mΓ£ô[39m tests/unit/onenote-folder-integration.test.ts [2m([22m[2m8 tests[22m[2m)[22m[33m 334[2mms[22m[39m
[90mstdout[2m | tests/unit/github-auth-handler.test.ts[2m > [22m[2mGitHub Auth plugin ΓÇö IPC handlers[2m > [22m[2mgithub:oauth-status[2m > [22m[2mreturns { authenticated: true } with login when auth is stored
[22m[39m[IPC] github:oauth-status called

 [32mΓ£ô[39m tests/unit/local-discovery.test.ts [2m([22m[2m24 tests[22m[2m)[22m[33m 418[2mms[22m[39m
[90mstdout[2m | tests/unit/github-discovery.test.ts[2m > [22m[2mGitHub Discovery ΓÇö runDiscovery[2m > [22m[2mfetches orgs, org repos, and user repos then stores them
[22m[39m[Discovery] Starting ΓÇö fetching organizationsΓÇª

[90mstdout[2m | tests/unit/github-discovery.test.ts[2m > [22m[2mGitHub Discovery ΓÇö runDiscovery[2m > [22m[2mfetches orgs, org repos, and user repos then stores them
[22m[39m[Discovery] /user/orgs?per_page=100 ΓÇö rate limit: 4998/5000

[90mstdout[2m | tests/unit/github-discovery.test.ts[2m > [22m[2mGitHub Discovery ΓÇö runDiscovery[2m > [22m[2mfetches orgs, org repos, and user repos then stores them
[22m[39m[Discovery] Found 1 organization(s)
[Discovery] Fetching repos for org: org1

[90mstdout[2m | tests/unit/github-discovery.test.ts[2m > [22m[2mGitHub Discovery ΓÇö runDiscovery[2m > [22m[2mfetches orgs, org repos, and user repos then stores them
[22m[39m[Discovery] /orgs/org1/repos?type=all&per_page=100 ΓÇö rate limit: 4996/5000

[90mstdout[2m | tests/unit/github-discovery.test.ts[2m > [22m[2mGitHub Discovery ΓÇö runDiscovery[2m > [22m[2mfetches orgs, org repos, and user repos then stores them
[22m[39m[Discovery]   org1: 2 repos (total: 2)
[Discovery] Fetching personal + collaborator + org-member reposΓÇª

[90mstdout[2m | tests/unit/github-discovery.test.ts[2m > [22m[2mGitHub Discovery ΓÇö runDiscovery[2m > [22m[2mfetches orgs, org repos, and user repos then stores them
[22m[39m[Discovery] /user/repos?affiliation=owner,collaborator,organization_member&per_page=100 ΓÇö rate limit: 4995/5000

[90mstdout[2m | tests/unit/github-discovery.test.ts[2m > [22m[2mGitHub Discovery ΓÇö runDiscovery[2m > [22m[2mfetches orgs, org repos, and user repos then stores them
[22m[39m[Discovery] Personal + collaborator + org-member repos: 2 (total: 4)
[Discovery] Fetching starred reposΓÇª

[90mstdout[2m | tests/unit/github-discovery.test.ts[2m > [22m[2mGitHub Discovery ΓÇö runDiscovery[2m > [22m[2mfetches orgs, org repos, and user repos then stores them
[22m[39m[Discovery] /user/starred?per_page=100 ΓÇö rate limit: 4990/5000

[90mstdout[2m | tests/unit/github-discovery.test.ts[2m > [22m[2mGitHub Discovery ΓÇö runDiscovery[2m > [22m[2mfetches orgs, org repos, and user repos then stores them
[22m[39m[Discovery] Starred repos: 0

[90mstdout[2m | tests/unit/github-discovery.test.ts[2m > [22m[2mGitHub Discovery ΓÇö runDiscovery[2m > [22m[2mfetches orgs, org repos, and user repos then stores them
[22m[39m[Discovery] Complete ΓÇö 1 orgs, 4 repos

[90mstdout[2m | tests/unit/github-discovery.test.ts[2m > [22m[2mGitHub Discovery ΓÇö runDiscovery[2m > [22m[2mfollows pagination links
[22m[39m[Discovery] Starting ΓÇö fetching organizationsΓÇª

[90mstdout[2m | tests/unit/github-discovery.test.ts[2m > [22m[2mGitHub Discovery ΓÇö runDiscovery[2m > [22m[2mfollows pagination links
[22m[39m[Discovery] /user/orgs?per_page=100 ΓÇö rate limit: 4999/5000

[90mstdout[2m | tests/unit/github-discovery.test.ts[2m > [22m[2mGitHub Discovery ΓÇö runDiscovery[2m > [22m[2mfollows pagination links
[22m[39m[Discovery] /user/orgs?per_page=100&page=2 ΓÇö rate limit: 4998/5000

[90mstdout[2m | tests/unit/github-discovery.test.ts[2m > [22m[2mGitHub Discovery ΓÇö runDiscovery[2m > [22m[2mfollows pagination links
[22m[39m[Discovery] Found 2 organization(s)
[Discovery] Fetching repos for org: paged-org

[90mstdout[2m | tests/unit/github-discovery.test.ts[2m > [22m[2mGitHub Discovery ΓÇö runDiscovery[2m > [22m[2mfollows pagination links
[22m[39m[Discovery] /orgs/paged-org/repos?type=all&per_page=100 ΓÇö rate limit: 4997/5000

[90mstdout[2m | tests/unit/github-discovery.test.ts[2m > [22m[2mGitHub Discovery ΓÇö runDiscovery[2m > [22m[2mfollows pagination links
[22m[39m[Discovery]   paged-org: 0 repos (total: 0)
[Discovery] Fetching repos for org: paged-org-2

[90mstdout[2m | tests/unit/github-discovery.test.ts[2m > [22m[2mGitHub Discovery ΓÇö runDiscovery[2m > [22m[2mfollows pagination links
[22m[39m[Discovery] /orgs/paged-org-2/repos?type=all&per_page=100 ΓÇö rate limit: 4997/5000

[90mstdout[2m | tests/unit/github-discovery.test.ts[2m > [22m[2mGitHub Discovery ΓÇö runDiscovery[2m > [22m[2mfollows pagination links
[22m[39m[Discovery]   paged-org-2: 0 repos (total: 0)
[Discovery] Fetching personal + collaborator + org-member reposΓÇª

[90mstdout[2m | tests/unit/github-discovery.test.ts[2m > [22m[2mGitHub Discovery ΓÇö runDiscovery[2m > [22m[2mfollows pagination links
[22m[39m[Discovery] /user/repos?affiliation=owner,collaborator,organization_member&per_page=100 ΓÇö rate limit: 4996/5000

[90mstdout[2m | tests/unit/github-discovery.test.ts[2m > [22m[2mGitHub Discovery ΓÇö runDiscovery[2m > [22m[2mfollows pagination links
[22m[39m[Discovery] Personal + collaborator + org-member repos: 0 (total: 0)
[Discovery] Fetching starred reposΓÇª

[90mstdout[2m | tests/unit/github-discovery.test.ts[2m > [22m[2mGitHub Discovery ΓÇö runDiscovery[2m > [22m[2mfollows pagination links
[22m[39m[Discovery] /user/starred?per_page=100 ΓÇö rate limit: 4990/5000

[90mstdout[2m | tests/unit/github-discovery.test.ts[2m > [22m[2mGitHub Discovery ΓÇö runDiscovery[2m > [22m[2mfollows pagination links
[22m[39m[Discovery] Starred repos: 0

[90mstdout[2m | tests/unit/github-discovery.test.ts[2m > [22m[2mGitHub Discovery ΓÇö runDiscovery[2m > [22m[2mfollows pagination links
[22m[39m[Discovery] Complete ΓÇö 2 orgs, 0 repos

[90mstdout[2m | tests/unit/github-discovery.test.ts[2m > [22m[2mGitHub Discovery ΓÇö runDiscovery[2m > [22m[2mcan be aborted mid-run
[22m[39m[Discovery] Starting ΓÇö fetching organizationsΓÇª
[Discovery] Starting ΓÇö fetching organizationsΓÇª

[90mstdout[2m | tests/unit/github-discovery.test.ts[2m > [22m[2mGitHub Discovery ΓÇö runDiscovery[2m > [22m[2mcan be aborted mid-run
[22m[39m[Discovery] /user/orgs?per_page=100 ΓÇö rate limit: 4999/5000
[Discovery] /user/orgs?per_page=100 ΓÇö rate limit: 4999/5000

[90mstdout[2m | tests/unit/github-discovery.test.ts[2m > [22m[2mGitHub Discovery ΓÇö runDiscovery[2m > [22m[2mcan be aborted mid-run
[22m[39m[Discovery] Found 3 organization(s)
[Discovery] Fetching repos for org: org1
[Discovery] Found 3 organization(s)
[Discovery] Fetching repos for org: org1

[90mstdout[2m | tests/unit/github-discovery.test.ts[2m > [22m[2mGitHub Discovery ΓÇö runDiscovery[2m > [22m[2mcan be aborted mid-run
[22m[39m[Discovery] /orgs/org1/repos?type=all&per_page=100 ΓÇö rate limit: 4998/5000
[Discovery] /orgs/org1/repos?type=all&per_page=100 ΓÇö rate limit: 4998/5000

[90mstdout[2m | tests/unit/github-discovery.test.ts[2m > [22m[2mGitHub Discovery ΓÇö runDiscovery[2m > [22m[2mcan be aborted mid-run
[22m[39m[Discovery]   org1: 1 repos (total: 1)
[Discovery] Fetching repos for org: org2
[Discovery]   org1: 1 repos (total: 1)
[Discovery] Fetching repos for org: org2

[90mstdout[2m | tests/unit/github-discovery.test.ts[2m > [22m[2mGitHub Discovery ΓÇö runDiscovery[2m > [22m[2mcan be aborted mid-run
[22m[39m[Discovery] /orgs/org2/repos?type=all&per_page=100 ΓÇö rate limit: 4998/5000
[Discovery] /orgs/org2/repos?type=all&per_page=100 ΓÇö rate limit: 4998/5000

stderr | tests/unit/github-discovery.test.ts > GitHub Discovery ΓÇö runDiscovery > can be aborted mid-run
[Discovery] Error: Database closed
[Discovery] Error: Database closed

[90mstdout[2m | tests/unit/github-discovery.test.ts[2m > [22m[2mGitHub Discovery ΓÇö runDiscovery[2m > [22m[2mskips disabled orgs during discovery
[22m[39m[Discovery] Starting ΓÇö fetching organizationsΓÇª

[90mstdout[2m | tests/unit/github-discovery.test.ts[2m > [22m[2mGitHub Discovery ΓÇö runDiscovery[2m > [22m[2mskips disabled orgs during discovery
[22m[39m[Discovery] /user/orgs?per_page=100 ΓÇö rate limit: 4998/5000

[90mstdout[2m | tests/unit/github-discovery.test.ts[2m > [22m[2mGitHub Discovery ΓÇö runDiscovery[2m > [22m[2mskips disabled orgs during discovery
[22m[39m[Discovery] Found 2 organization(s)
[Discovery] Fetching repos for org: enabled-org

[90mstdout[2m | tests/unit/github-discovery.test.ts[2m > [22m[2mGitHub Discovery ΓÇö runDiscovery[2m > [22m[2mskips disabled orgs during discovery
[22m[39m[Discovery] /orgs/enabled-org/repos?type=all&per_page=100 ΓÇö rate limit: 4997/5000

[90mstdout[2m | tests/unit/github-discovery.test.ts[2m > [22m[2mGitHub Discovery ΓÇö runDiscovery[2m > [22m[2mskips disabled orgs during discovery
[22m[39m[Discovery]   enabled-org: 1 repos (total: 1)
[Discovery] Fetching repos for org: disabled-org

[90mstdout[2m | tests/unit/github-discovery.test.ts[2m > [22m[2mGitHub Discovery ΓÇö runDiscovery[2m > [22m[2mskips disabled orgs during discovery
[22m[39m[Discovery] /orgs/disabled-org/repos?type=all&per_page=100 ΓÇö rate limit: 4996/5000

[90mstdout[2m | tests/unit/github-discovery.test.ts[2m > [22m[2mGitHub Discovery ΓÇö runDiscovery[2m > [22m[2mskips disabled orgs during discovery
[22m[39m[Discovery]   disabled-org: 1 repos (total: 2)
[Discovery] Fetching personal + collaborator + org-member reposΓÇª

[90mstdout[2m | tests/unit/github-discovery.test.ts[2m > [22m[2mGitHub Discovery ΓÇö runDiscovery[2m > [22m[2mskips disabled orgs during discovery
[22m[39m[Discovery] /user/repos?affiliation=owner,collaborator,organization_member&per_page=100 ΓÇö rate limit: 4995/5000

[90mstdout[2m | tests/unit/github-discovery.test.ts[2m > [22m[2mGitHub Discovery ΓÇö runDiscovery[2m > [22m[2mskips disabled orgs during discovery
[22m[39m[Discovery] Personal + collaborator + org-member repos: 0 (total: 2)
[Discovery] Fetching starred reposΓÇª

[90mstdout[2m | tests/unit/github-discovery.test.ts[2m > [22m[2mGitHub Discovery ΓÇö runDiscovery[2m > [22m[2mskips disabled orgs during discovery
[22m[39m[Discovery] /user/starred?per_page=100 ΓÇö rate limit: 4990/5000

[90mstdout[2m | tests/unit/github-discovery.test.ts[2m > [22m[2mGitHub Discovery ΓÇö runDiscovery[2m > [22m[2mskips disabled orgs during discovery
[22m[39m[Discovery] Starred repos: 0

[90mstdout[2m | tests/unit/github-discovery.test.ts[2m > [22m[2mGitHub Discovery ΓÇö runDiscovery[2m > [22m[2mskips disabled orgs during discovery
[22m[39m[Discovery] Complete ΓÇö 2 orgs, 2 repos

[90mstdout[2m | tests/unit/github-discovery.test.ts[2m > [22m[2mGitHub Discovery ΓÇö runDiscovery[2m > [22m[2mskips disabled orgs during discovery
[22m[39m[Discovery] Starting ΓÇö fetching organizationsΓÇª

[90mstdout[2m | tests/unit/github-discovery.test.ts[2m > [22m[2mGitHub Discovery ΓÇö runDiscovery[2m > [22m[2mskips disabled orgs during discovery
[22m[39m[Discovery] /user/orgs?per_page=100 ΓÇö rate limit: 4998/5000

[90mstdout[2m | tests/unit/github-discovery.test.ts[2m > [22m[2mGitHub Discovery ΓÇö runDiscovery[2m > [22m[2mskips disabled orgs during discovery
[22m[39m[Discovery] Found 2 organization(s)
[Discovery] Fetching repos for org: enabled-org

[90mstdout[2m | tests/unit/github-discovery.test.ts[2m > [22m[2mGitHub Discovery ΓÇö runDiscovery[2m > [22m[2mskips disabled orgs during discovery
[22m[39m[Discovery] /orgs/enabled-org/repos?type=all&per_page=100 ΓÇö rate limit: 4997/5000

[90mstdout[2m | tests/unit/github-discovery.test.ts[2m > [22m[2mGitHub Discovery ΓÇö runDiscovery[2m > [22m[2mskips disabled orgs during discovery
[22m[39m[Discovery]   enabled-org: 1 repos (total: 1)
[Discovery] Skipping disabled org: disabled-org
[Discovery] Fetching personal + collaborator + org-member reposΓÇª

[90mstdout[2m | tests/unit/github-discovery.test.ts[2m > [22m[2mGitHub Discovery ΓÇö runDiscovery[2m > [22m[2mskips disabled orgs during discovery
[22m[39m[Discovery] /user/repos?affiliation=owner,collaborator,organization_member&per_page=100 ΓÇö rate limit: 4995/5000

[90mstdout[2m | tests/unit/github-discovery.test.ts[2m > [22m[2mGitHub Discovery ΓÇö runDiscovery[2m > [22m[2mskips disabled orgs during discovery
[22m[39m[Discovery] Personal + collaborator + org-member repos: 0 (total: 1)
[Discovery] Fetching starred reposΓÇª

[90mstdout[2m | tests/unit/github-discovery.test.ts[2m > [22m[2mGitHub Discovery ΓÇö runDiscovery[2m > [22m[2mskips disabled orgs during discovery
[22m[39m[Discovery] /user/starred?per_page=100 ΓÇö rate limit: 4990/5000

[90mstdout[2m | tests/unit/github-discovery.test.ts[2m > [22m[2mGitHub Discovery ΓÇö runDiscovery[2m > [22m[2mskips disabled orgs during discovery
[22m[39m[Discovery] Starred repos: 0

[90mstdout[2m | tests/unit/github-discovery.test.ts[2m > [22m[2mGitHub Discovery ΓÇö runDiscovery[2m > [22m[2mskips disabled orgs during discovery
[22m[39m[Discovery] Complete ΓÇö 2 orgs, 1 repos

[90mstdout[2m | tests/unit/github-discovery.test.ts[2m > [22m[2mGitHub Discovery ΓÇö runDiscovery[2m > [22m[2mrunLightweightRefresh fetches orgs and personal+collaborator repos
[22m[39m[LightRefresh] Checking for new organizationsΓÇª

[90mstdout[2m | tests/unit/github-discovery.test.ts[2m > [22m[2mGitHub Discovery ΓÇö runDiscovery[2m > [22m[2mrunLightweightRefresh fetches orgs and personal+collaborator repos
[22m[39m[Discovery] /user/orgs?per_page=100 ΓÇö rate limit: 4998/5000

[90mstdout[2m | tests/unit/github-discovery.test.ts[2m > [22m[2mGitHub Discovery ΓÇö runDiscovery[2m > [22m[2mrunLightweightRefresh fetches orgs and personal+collaborator repos
[22m[39m[LightRefresh] 1 org(s) synced
[LightRefresh] Updating personal + collaborator + org-member reposΓÇª

[90mstdout[2m | tests/unit/github-discovery.test.ts[2m > [22m[2mGitHub Discovery ΓÇö runDiscovery[2m > [22m[2mrunLightweightRefresh fetches orgs and personal+collaborator repos
[22m[39m[Discovery] /user/repos?affiliation=owner,collaborator,organization_member&per_page=100&sort=updated&direction=desc ΓÇö rate limit: 4997/5000

[90mstdout[2m | tests/unit/github-discovery.test.ts[2m > [22m[2mGitHub Discovery ΓÇö runDiscovery[2m > [22m[2mrunLightweightRefresh fetches orgs and personal+collaborator repos
[22m[39m[LightRefresh] 2 personal + collaborator + org-member repo(s) synced
[Discovery] Fetching starred reposΓÇª

[90mstdout[2m | tests/unit/github-discovery.test.ts[2m > [22m[2mGitHub Discovery ΓÇö runDiscovery[2m > [22m[2mrunLightweightRefresh fetches orgs and personal+collaborator repos
[22m[39m[Discovery] /user/starred?per_page=100 ΓÇö rate limit: 4990/5000

[90mstdout[2m | tests/unit/github-discovery.test.ts[2m > [22m[2mGitHub Discovery ΓÇö runDiscovery[2m > [22m[2mrunLightweightRefresh fetches orgs and personal+collaborator repos
[22m[39m[Discovery] Starred repos: 0

 [32mΓ£ô[39m tests/unit/github-secrets.test.ts [2m([22m[2m20 tests[22m[2m)[22m[33m 612[2mms[22m[39m
 [32mΓ£ô[39m tests/unit/groups.test.ts [2m([22m[2m21 tests[22m[2m)[22m[33m 662[2mms[22m[39m
[90mstdout[2m | tests/unit/github-discovery.test.ts[2m > [22m[2mGitHub Discovery ΓÇö runDiscovery[2m > [22m[2mdiscovers PAT-only orgs in Phase 1.5 and scans their repos in Phase 2
[22m[39m[Discovery] Starting ΓÇö fetching organizationsΓÇª

[90mstdout[2m | tests/unit/github-discovery.test.ts[2m > [22m[2mGitHub Discovery ΓÇö runDiscovery[2m > [22m[2mdiscovers PAT-only orgs in Phase 1.5 and scans their repos in Phase 2
[22m[39m[Discovery] /user/orgs?per_page=100 ΓÇö rate limit: 4998/5000

[90mstdout[2m | tests/unit/github-discovery.test.ts[2m > [22m[2mGitHub Discovery ΓÇö runDiscovery[2m > [22m[2mdiscovers PAT-only orgs in Phase 1.5 and scans their repos in Phase 2
[22m[39m[Discovery] Found 1 organization(s)
[Discovery] Checking for orgs visible only via PATΓÇª

[90mstdout[2m | tests/unit/github-discovery.test.ts[2m > [22m[2mGitHub Discovery ΓÇö runDiscovery[2m > [22m[2mdiscovers PAT-only orgs in Phase 1.5 and scans their repos in Phase 2
[22m[39m[Discovery] /user/orgs?per_page=100 ΓÇö rate limit: 4997/5000

[90mstdout[2m | tests/unit/github-discovery.test.ts[2m > [22m[2mGitHub Discovery ΓÇö runDiscovery[2m > [22m[2mdiscovers PAT-only orgs in Phase 1.5 and scans their repos in Phase 2
[22m[39m[Discovery] Found 1 org(s) only visible via PAT: xebia
[Discovery] Fetching repos for org: org1

[90mstdout[2m | tests/unit/github-discovery.test.ts[2m > [22m[2mGitHub Discovery ΓÇö runDiscovery[2m > [22m[2mdiscovers PAT-only orgs in Phase 1.5 and scans their repos in Phase 2
[22m[39m[Discovery] /orgs/org1/repos?type=all&per_page=100 ΓÇö rate limit: 4996/5000

[90mstdout[2m | tests/unit/github-discovery.test.ts[2m > [22m[2mGitHub Discovery ΓÇö runDiscovery[2m > [22m[2mdiscovers PAT-only orgs in Phase 1.5 and scans their repos in Phase 2
[22m[39m[Discovery]   org1: 1 repos (total: 1)
[Discovery] Fetching repos for PAT-only org: xebia

[90mstdout[2m | tests/unit/github-discovery.test.ts[2m > [22m[2mGitHub Discovery ΓÇö runDiscovery[2m > [22m[2mdiscovers PAT-only orgs in Phase 1.5 and scans their repos in Phase 2
[22m[39m[Discovery] /orgs/xebia/repos?type=all&per_page=100 ΓÇö rate limit: 4995/5000

[90mstdout[2m | tests/unit/github-discovery.test.ts[2m > [22m[2mGitHub Discovery ΓÇö runDiscovery[2m > [22m[2mdiscovers PAT-only orgs in Phase 1.5 and scans their repos in Phase 2
[22m[39m[Discovery]   xebia (PAT): 2 repos (total: 3)
[Discovery] Fetching personal + collaborator + org-member reposΓÇª

[90mstdout[2m | tests/unit/github-discovery.test.ts[2m > [22m[2mGitHub Discovery ΓÇö runDiscovery[2m > [22m[2mdiscovers PAT-only orgs in Phase 1.5 and scans their repos in Phase 2
[22m[39m[Discovery] /user/repos?affiliation=owner,collaborator,organization_member&per_page=100 ΓÇö rate limit: 4993/5000

[90mstdout[2m | tests/unit/github-discovery.test.ts[2m > [22m[2mGitHub Discovery ΓÇö runDiscovery[2m > [22m[2mdiscovers PAT-only orgs in Phase 1.5 and scans their repos in Phase 2
[22m[39m[Discovery] Personal + collaborator + org-member repos: 0 (total: 3)
[Discovery] Fetching starred reposΓÇª

[90mstdout[2m | tests/unit/github-discovery.test.ts[2m > [22m[2mGitHub Discovery ΓÇö runDiscovery[2m > [22m[2mdiscovers PAT-only orgs in Phase 1.5 and scans their repos in Phase 2
[22m[39m[Discovery] /user/starred?per_page=100 ΓÇö rate limit: 4990/5000

[90mstdout[2m | tests/unit/github-discovery.test.ts[2m > [22m[2mGitHub Discovery ΓÇö runDiscovery[2m > [22m[2mdiscovers PAT-only orgs in Phase 1.5 and scans their repos in Phase 2
[22m[39m[Discovery] Starred repos: 0

[90mstdout[2m | tests/unit/github-discovery.test.ts[2m > [22m[2mGitHub Discovery ΓÇö runDiscovery[2m > [22m[2mdiscovers PAT-only orgs in Phase 1.5 and scans their repos in Phase 2
[22m[39m[PAT Discovery] Starting smart PAT passΓÇª

[90mstdout[2m | tests/unit/github-discovery.test.ts[2m > [22m[2mGitHub Discovery ΓÇö runDiscovery[2m > [22m[2mdiscovers PAT-only orgs in Phase 1.5 and scans their repos in Phase 2
[22m[39m[Discovery] /user/orgs?per_page=100 ΓÇö rate limit: 4997/5000

[90mstdout[2m | tests/unit/github-discovery.test.ts[2m > [22m[2mGitHub Discovery ΓÇö runDiscovery[2m > [22m[2mdiscovers PAT-only orgs in Phase 1.5 and scans their repos in Phase 2
[22m[39m[PAT Discovery] 2 org(s) via PAT, 2 already indexed with repos, 0 new/empty/OAuth-blocked org(s) to scan
[PAT Discovery] Fetching direct collaborator reposΓÇª

[90mstdout[2m | tests/unit/github-discovery.test.ts[2m > [22m[2mGitHub Discovery ΓÇö runDiscovery[2m > [22m[2mdiscovers PAT-only orgs in Phase 1.5 and scans their repos in Phase 2
[22m[39m[Discovery] /user/repos?affiliation=collaborator&per_page=100 ΓÇö rate limit: 4992/5000

[90mstdout[2m | tests/unit/github-discovery.test.ts[2m > [22m[2mGitHub Discovery ΓÇö runDiscovery[2m > [22m[2mdiscovers PAT-only orgs in Phase 1.5 and scans their repos in Phase 2
[22m[39m[PAT Discovery] Collaborator repos: 0
[PAT Discovery] Complete ΓÇö 2 new orgs, 3 repos

[90mstdout[2m | tests/unit/github-discovery.test.ts[2m > [22m[2mGitHub Discovery ΓÇö runDiscovery[2m > [22m[2mdiscovers PAT-only orgs in Phase 1.5 and scans their repos in Phase 2
[22m[39m[Discovery] Complete ΓÇö 2 orgs, 3 repos

[90mstdout[2m | tests/unit/github-discovery.test.ts[2m > [22m[2mGitHub Discovery ΓÇö runDiscovery[2m > [22m[2mruns PAT supplemental pass when PAT is provided
[22m[39m[Discovery] Starting ΓÇö fetching organizationsΓÇª

[90mstdout[2m | tests/unit/github-discovery.test.ts[2m > [22m[2mGitHub Discovery ΓÇö runDiscovery[2m > [22m[2mruns PAT supplemental pass when PAT is provided
[22m[39m[Discovery] /user/orgs?per_page=100 ΓÇö rate limit: 4998/5000

[90mstdout[2m | tests/unit/github-discovery.test.ts[2m > [22m[2mGitHub Discovery ΓÇö runDiscovery[2m > [22m[2mruns PAT supplemental pass when PAT is provided
[22m[39m[Discovery] Found 1 organization(s)
[Discovery] Checking for orgs visible only via PATΓÇª

[90mstdout[2m | tests/unit/github-discovery.test.ts[2m > [22m[2mGitHub Discovery ΓÇö runDiscovery[2m > [22m[2mruns PAT supplemental pass when PAT is provided
[22m[39m[Discovery] /user/orgs?per_page=100 ΓÇö rate limit: 4995/5000

[90mstdout[2m | tests/unit/github-discovery.test.ts[2m > [22m[2mGitHub Discovery ΓÇö runDiscovery[2m > [22m[2mruns PAT supplemental pass when PAT is provided
[22m[39m[Discovery] Found 1 org(s) only visible via PAT: secret-org
[Discovery] Fetching repos for org: org1

[90mstdout[2m | tests/unit/github-discovery.test.ts[2m > [22m[2mGitHub Discovery ΓÇö runDiscovery[2m > [22m[2mruns PAT supplemental pass when PAT is provided
[22m[39m[Discovery] /orgs/org1/repos?type=all&per_page=100 ΓÇö rate limit: 4997/5000

[90mstdout[2m | tests/unit/github-discovery.test.ts[2m > [22m[2mGitHub Discovery ΓÇö runDiscovery[2m > [22m[2mruns PAT supplemental pass when PAT is provided
[22m[39m[Discovery]   org1: 1 repos (total: 1)
[Discovery] Fetching repos for PAT-only org: secret-org

[90mstdout[2m | tests/unit/github-discovery.test.ts[2m > [22m[2mGitHub Discovery ΓÇö runDiscovery[2m > [22m[2mruns PAT supplemental pass when PAT is provided
[22m[39m[Discovery] /orgs/secret-org/repos?type=all&per_page=100 ΓÇö rate limit: 4994/5000

[90mstdout[2m | tests/unit/github-discovery.test.ts[2m > [22m[2mGitHub Discovery ΓÇö runDiscovery[2m > [22m[2mruns PAT supplemental pass when PAT is provided
[22m[39m[Discovery]   secret-org (PAT): 1 repos (total: 2)
[Discovery] Fetching personal + collaborator + org-member reposΓÇª

[90mstdout[2m | tests/unit/github-discovery.test.ts[2m > [22m[2mGitHub Discovery ΓÇö runDiscovery[2m > [22m[2mruns PAT supplemental pass when PAT is provided
[22m[39m[Discovery] /user/repos?affiliation=owner,collaborator,organization_member&per_page=100 ΓÇö rate limit: 4996/5000

[90mstdout[2m | tests/unit/github-discovery.test.ts[2m > [22m[2mGitHub Discovery ΓÇö runDiscovery[2m > [22m[2mruns PAT supplemental pass when PAT is provided
[22m[39m[Discovery] Personal + collaborator + org-member repos: 1 (total: 3)
[Discovery] Fetching starred reposΓÇª

[90mstdout[2m | tests/unit/github-discovery.test.ts[2m > [22m[2mGitHub Discovery ΓÇö runDiscovery[2m > [22m[2mruns PAT supplemental pass when PAT is provided
[22m[39m[Discovery] /user/starred?per_page=100 ΓÇö rate limit: 4990/5000

[90mstdout[2m | tests/unit/github-discovery.test.ts[2m > [22m[2mGitHub Discovery ΓÇö runDiscovery[2m > [22m[2mruns PAT supplemental pass when PAT is provided
[22m[39m[Discovery] Starred repos: 0

[90mstdout[2m | tests/unit/github-discovery.test.ts[2m > [22m[2mGitHub Discovery ΓÇö runDiscovery[2m > [22m[2mruns PAT supplemental pass when PAT is provided
[22m[39m[PAT Discovery] Starting smart PAT passΓÇª

[90mstdout[2m | tests/unit/github-discovery.test.ts[2m > [22m[2mGitHub Discovery ΓÇö runDiscovery[2m > [22m[2mruns PAT supplemental pass when PAT is provided
[22m[39m[Discovery] /user/orgs?per_page=100 ΓÇö rate limit: 4995/5000

[90mstdout[2m | tests/unit/github-discovery.test.ts[2m > [22m[2mGitHub Discovery ΓÇö runDiscovery[2m > [22m[2mruns PAT supplemental pass when PAT is provided
[22m[39m[PAT Discovery] 2 org(s) via PAT, 2 already indexed with repos, 0 new/empty/OAuth-blocked org(s) to scan
[PAT Discovery] Fetching direct collaborator reposΓÇª

[90mstdout[2m | tests/unit/github-discovery.test.ts[2m > [22m[2mGitHub Discovery ΓÇö runDiscovery[2m > [22m[2mruns PAT supplemental pass when PAT is provided
[22m[39m[Discovery] /user/repos?affiliation=collaborator&per_page=100 ΓÇö rate limit: 4993/5000

[90mstdout[2m | tests/unit/github-discovery.test.ts[2m > [22m[2mGitHub Discovery ΓÇö runDiscovery[2m > [22m[2mruns PAT supplemental pass when PAT is provided
[22m[39m[PAT Discovery] Collaborator repos: 0
[PAT Discovery] Complete ΓÇö 2 new orgs, 3 repos

[90mstdout[2m | tests/unit/github-discovery.test.ts[2m > [22m[2mGitHub Discovery ΓÇö runDiscovery[2m > [22m[2mruns PAT supplemental pass when PAT is provided
[22m[39m[Discovery] Complete ΓÇö 2 orgs, 3 repos

[90mstdout[2m | tests/unit/github-discovery.test.ts[2m > [22m[2mGitHub Discovery ΓÇö runDiscovery[2m > [22m[2mrunPatDiscovery can run standalone without full discovery
[22m[39m[PAT Discovery] Starting smart PAT passΓÇª

[90mstdout[2m | tests/unit/github-discovery.test.ts[2m > [22m[2mGitHub Discovery ΓÇö runDiscovery[2m > [22m[2mrunPatDiscovery can run standalone without full discovery
[22m[39m[Discovery] /user/orgs?per_page=100 ΓÇö rate limit: 4999/5000

[90mstdout[2m | tests/unit/github-discovery.test.ts[2m > [22m[2mGitHub Discovery ΓÇö runDiscovery[2m > [22m[2mrunPatDiscovery can run standalone without full discovery
[22m[39m[PAT Discovery] 2 org(s) via PAT, 1 already indexed with repos, 1 new/empty/OAuth-blocked org(s) to scan
[PAT Discovery] Fetching repos for org: secret-org

[90mstdout[2m | tests/unit/github-discovery.test.ts[2m > [22m[2mGitHub Discovery ΓÇö runDiscovery[2m > [22m[2mrunPatDiscovery can run standalone without full discovery
[22m[39m[Discovery] /orgs/secret-org/repos?type=all&per_page=100 ΓÇö rate limit: 4998/5000

[90mstdout[2m | tests/unit/github-discovery.test.ts[2m > [22m[2mGitHub Discovery ΓÇö runDiscovery[2m > [22m[2mrunPatDiscovery can run standalone without full discovery
[22m[39m[PAT Discovery]   secret-org: 1 repos
[PAT Discovery] Fetching direct collaborator reposΓÇª

[90mstdout[2m | tests/unit/github-discovery.test.ts[2m > [22m[2mGitHub Discovery ΓÇö runDiscovery[2m > [22m[2mrunPatDiscovery can run standalone without full discovery
[22m[39m[Discovery] /user/repos?affiliation=collaborator&per_page=100 ΓÇö rate limit: 4997/5000

[90mstdout[2m | tests/unit/github-discovery.test.ts[2m > [22m[2mGitHub Discovery ΓÇö runDiscovery[2m > [22m[2mrunPatDiscovery can run standalone without full discovery
[22m[39m[PAT Discovery] Collaborator repos: 1
[PAT Discovery] Complete ΓÇö 1 new orgs, 2 repos

[90mstdout[2m | tests/unit/github-discovery.test.ts[2m > [22m[2mGitHub Discovery ΓÇö runDiscovery[2m > [22m[2mPAT pass failure does not crash full discovery
[22m[39m[Discovery] Starting ΓÇö fetching organizationsΓÇª

[90mstdout[2m | tests/unit/github-discovery.test.ts[2m > [22m[2mGitHub Discovery ΓÇö runDiscovery[2m > [22m[2mPAT pass failure does not crash full discovery
[22m[39m[Discovery] /user/orgs?per_page=100 ΓÇö rate limit: 4998/5000

[90mstdout[2m | tests/unit/github-discovery.test.ts[2m > [22m[2mGitHub Discovery ΓÇö runDiscovery[2m > [22m[2mPAT pass failure does not crash full discovery
[22m[39m[Discovery] Found 1 organization(s)
[Discovery] Checking for orgs visible only via PATΓÇª

stderr | tests/unit/github-discovery.test.ts > GitHub Discovery ΓÇö runDiscovery > PAT pass failure does not crash full discovery
[Discovery] PAT org check failed (non-fatal): TypeError: fetch failed
    at C:/Users/RobBos/code/repos/rajbos/Jarvis/tests/unit/github-discovery.test.ts:662:15
    at Mock (file:///C:/Users/RobBos/code/repos/rajbos/Jarvis/node_modules/@vitest/spy/dist/index.js:332:34)
    at githubGet (C:/Users/RobBos/code/repos/rajbos/Jarvis/src/services/github-discovery.ts:123:26)
    at fetchAllPages (C:/Users/RobBos/code/repos/rajbos/Jarvis/src/services/github-discovery.ts:168:17)
    at Module.runDiscovery (C:/Users/RobBos/code/repos/rajbos/Jarvis/src/services/github-discovery.ts:466:25)
    at C:/Users/RobBos/code/repos/rajbos/Jarvis/tests/unit/github-discovery.test.ts:669:19
    at file:///C:/Users/RobBos/code/repos/rajbos/Jarvis/node_modules/@vitest/runner/dist/chunk-artifact.js:1903:20

[90mstdout[2m | tests/unit/github-discovery.test.ts[2m > [22m[2mGitHub Discovery ΓÇö runDiscovery[2m > [22m[2mPAT pass failure does not crash full discovery
[22m[39m[Discovery] Fetching repos for org: org1

[90mstdout[2m | tests/unit/github-discovery.test.ts[2m > [22m[2mGitHub Discovery ΓÇö runDiscovery[2m > [22m[2mPAT pass failure does not crash full discovery
[22m[39m[Discovery] /orgs/org1/repos?type=all&per_page=100 ΓÇö rate limit: 4997/5000

[90mstdout[2m | tests/unit/github-discovery.test.ts[2m > [22m[2mGitHub Discovery ΓÇö runDiscovery[2m > [22m[2mPAT pass failure does not crash full discovery
[22m[39m[Discovery]   org1: 1 repos (total: 1)
[Discovery] Fetching personal + collaborator + org-member reposΓÇª

[90mstdout[2m | tests/unit/github-discovery.test.ts[2m > [22m[2mGitHub Discovery ΓÇö runDiscovery[2m > [22m[2mPAT pass failure does not crash full discovery
[22m[39m[Discovery] /user/repos?affiliation=owner,collaborator,organization_member&per_page=100 ΓÇö rate limit: 4996/5000

[90mstdout[2m | tests/unit/github-discovery.test.ts[2m > [22m[2mGitHub Discovery ΓÇö runDiscovery[2m > [22m[2mPAT pass failure does not crash full discovery
[22m[39m[Discovery] Personal + collaborator + org-member repos: 1 (total: 2)
[Discovery] Fetching starred reposΓÇª

[90mstdout[2m | tests/unit/github-discovery.test.ts[2m > [22m[2mGitHub Discovery ΓÇö runDiscovery[2m > [22m[2mPAT pass failure does not crash full discovery
[22m[39m[Discovery] /user/starred?per_page=100 ΓÇö rate limit: 4990/5000

[90mstdout[2m | tests/unit/github-discovery.test.ts[2m > [22m[2mGitHub Discovery ΓÇö runDiscovery[2m > [22m[2mPAT pass failure does not crash full discovery
[22m[39m[Discovery] Starred repos: 0

[90mstdout[2m | tests/unit/github-discovery.test.ts[2m > [22m[2mGitHub Discovery ΓÇö runDiscovery[2m > [22m[2mPAT pass failure does not crash full discovery
[22m[39m[PAT Discovery] Starting smart PAT passΓÇª

[90mstdout[2m | tests/unit/github-discovery.test.ts[2m > [22m[2mGitHub Discovery ΓÇö runDiscovery[2m > [22m[2mPAT pass failure does not crash full discovery
[22m[39m[Discovery] Complete ΓÇö 1 orgs, 2 repos
stderr | tests/unit/github-discovery.test.ts > GitHub Discovery ΓÇö runDiscovery > PAT pass failure does not crash full discovery
[Discovery] PAT supplemental pass failed (non-fatal): TypeError: fetch failed
    at C:/Users/RobBos/code/repos/rajbos/Jarvis/tests/unit/github-discovery.test.ts:662:15
    at Mock (file:///C:/Users/RobBos/code/repos/rajbos/Jarvis/node_modules/@vitest/spy/dist/index.js:332:34)
    at githubGet (C:/Users/RobBos/code/repos/rajbos/Jarvis/src/services/github-discovery.ts:123:26)
    at fetchAllPages (C:/Users/RobBos/code/repos/rajbos/Jarvis/src/services/github-discovery.ts:168:17)
    at runPatDiscovery (C:/Users/RobBos/code/repos/rajbos/Jarvis/src/services/github-discovery.ts:1008:19)
    at Module.runDiscovery (C:/Users/RobBos/code/repos/rajbos/Jarvis/src/services/github-discovery.ts:641:9)
    at C:/Users/RobBos/code/repos/rajbos/Jarvis/tests/unit/github-discovery.test.ts:669:19

    at file:///C:/Users/RobBos/code/repos/rajbos/Jarvis/node_modules/@vitest/runner/dist/chunk-artifact.js:1903:20

[90mstdout[2m | tests/unit/github-discovery.test.ts[2m > [22m[2mGitHub Discovery ΓÇö runDiscovery[2m > [22m[2mrescans OAuth-blocked orgs that already have repos in DB
[22m[39m[Discovery] Starting ΓÇö fetching organizationsΓÇª

[90mstdout[2m | tests/unit/github-discovery.test.ts[2m > [22m[2mGitHub Discovery ΓÇö runDiscovery[2m > [22m[2mrescans OAuth-blocked orgs that already have repos in DB
[22m[39m[Discovery] /user/orgs?per_page=100 ΓÇö rate limit: 4998/5000

[90mstdout[2m | tests/unit/github-discovery.test.ts[2m > [22m[2mGitHub Discovery ΓÇö runDiscovery[2m > [22m[2mrescans OAuth-blocked orgs that already have repos in DB
[22m[39m[Discovery] Found 1 organization(s)
[Discovery] Checking for orgs visible only via PATΓÇª

[90mstdout[2m | tests/unit/github-discovery.test.ts[2m > [22m[2mGitHub Discovery ΓÇö runDiscovery[2m > [22m[2mrescans OAuth-blocked orgs that already have repos in DB
[22m[39m[Discovery] /user/orgs?per_page=100 ΓÇö rate limit: 4995/5000

[90mstdout[2m | tests/unit/github-discovery.test.ts[2m > [22m[2mGitHub Discovery ΓÇö runDiscovery[2m > [22m[2mrescans OAuth-blocked orgs that already have repos in DB
[22m[39m[Discovery] Found 1 org(s) only visible via PAT: xebia
[Discovery] Fetching repos for org: org1

[90mstdout[2m | tests/unit/github-discovery.test.ts[2m > [22m[2mGitHub Discovery ΓÇö runDiscovery[2m > [22m[2mrescans OAuth-blocked orgs that already have repos in DB
[22m[39m[Discovery] /orgs/org1/repos?type=all&per_page=100 ΓÇö rate limit: 4997/5000

[90mstdout[2m | tests/unit/github-discovery.test.ts[2m > [22m[2mGitHub Discovery ΓÇö runDiscovery[2m > [22m[2mrescans OAuth-blocked orgs that already have repos in DB
[22m[39m[Discovery]   org1: 1 repos (total: 1)
[Discovery] Fetching repos for PAT-only org: xebia

[90mstdout[2m | tests/unit/github-discovery.test.ts[2m > [22m[2mGitHub Discovery ΓÇö runDiscovery[2m > [22m[2mrescans OAuth-blocked orgs that already have repos in DB
[22m[39m[Discovery] /orgs/xebia/repos?type=all&per_page=100 ΓÇö rate limit: 4994/5000

[90mstdout[2m | tests/unit/github-discovery.test.ts[2m > [22m[2mGitHub Discovery ΓÇö runDiscovery[2m > [22m[2mrescans OAuth-blocked orgs that already have repos in DB
[22m[39m[Discovery]   xebia (PAT): 2 repos (total: 3)
[Discovery] Fetching personal + collaborator + org-member reposΓÇª

[90mstdout[2m | tests/unit/github-discovery.test.ts[2m > [22m[2mGitHub Discovery ΓÇö runDiscovery[2m > [22m[2mrescans OAuth-blocked orgs that already have repos in DB
[22m[39m[Discovery] /user/repos?affiliation=owner,collaborator,organization_member&per_page=100 ΓÇö rate limit: 4996/5000

[90mstdout[2m | tests/unit/github-discovery.test.ts[2m > [22m[2mGitHub Discovery ΓÇö runDiscovery[2m > [22m[2mrescans OAuth-blocked orgs that already have repos in DB
[22m[39m[Discovery] Personal + collaborator + org-member repos: 0 (total: 3)
[Discovery] Fetching starred reposΓÇª

[90mstdout[2m | tests/unit/github-discovery.test.ts[2m > [22m[2mGitHub Discovery ΓÇö runDiscovery[2m > [22m[2mrescans OAuth-blocked orgs that already have repos in DB
[22m[39m[Discovery] /user/starred?per_page=100 ΓÇö rate limit: 4990/5000

[90mstdout[2m | tests/unit/github-discovery.test.ts[2m > [22m[2mGitHub Discovery ΓÇö runDiscovery[2m > [22m[2mrescans OAuth-blocked orgs that already have repos in DB
[22m[39m[Discovery] Starred repos: 0

[90mstdout[2m | tests/unit/github-discovery.test.ts[2m > [22m[2mGitHub Discovery ΓÇö runDiscovery[2m > [22m[2mrescans OAuth-blocked orgs that already have repos in DB
[22m[39m[PAT Discovery] Starting smart PAT passΓÇª

[90mstdout[2m | tests/unit/github-discovery.test.ts[2m > [22m[2mGitHub Discovery ΓÇö runDiscovery[2m > [22m[2mrescans OAuth-blocked orgs that already have repos in DB
[22m[39m[Discovery] /user/orgs?per_page=100 ΓÇö rate limit: 4995/5000

[90mstdout[2m | tests/unit/github-discovery.test.ts[2m > [22m[2mGitHub Discovery ΓÇö runDiscovery[2m > [22m[2mrescans OAuth-blocked orgs that already have repos in DB
[22m[39m[PAT Discovery] 2 org(s) via PAT, 2 already indexed with repos, 0 new/empty/OAuth-blocked org(s) to scan
[PAT Discovery] Fetching direct collaborator reposΓÇª

[90mstdout[2m | tests/unit/github-discovery.test.ts[2m > [22m[2mGitHub Discovery ΓÇö runDiscovery[2m > [22m[2mrescans OAuth-blocked orgs that already have repos in DB
[22m[39m[Discovery] /user/repos?affiliation=collaborator&per_page=100 ΓÇö rate limit: 4993/5000

[90mstdout[2m | tests/unit/github-discovery.test.ts[2m > [22m[2mGitHub Discovery ΓÇö runDiscovery[2m > [22m[2mrescans OAuth-blocked orgs that already have repos in DB
[22m[39m[PAT Discovery] Collaborator repos: 0
[PAT Discovery] Complete ΓÇö 2 new orgs, 3 repos

[90mstdout[2m | tests/unit/github-discovery.test.ts[2m > [22m[2mGitHub Discovery ΓÇö runDiscovery[2m > [22m[2mrescans OAuth-blocked orgs that already have repos in DB
[22m[39m[Discovery] Complete ΓÇö 2 orgs, 3 repos

[90mstdout[2m | tests/unit/github-discovery.test.ts[2m > [22m[2mGitHub Discovery ΓÇö collaboration reason[2m > [22m[2mresolveCollaborationReason returns "pr" when search finds only PRs
[22m[39m[Discovery] /search/issues?q=author%3Ame%20repo%3Aother%2Frepo&per_page=30 ΓÇö rate limit: 29/5000

[90mstdout[2m | tests/unit/github-discovery.test.ts[2m > [22m[2mGitHub Discovery ΓÇö collaboration reason[2m > [22m[2mresolveCollaborationReason returns "issue" when search finds only issues
[22m[39m[Discovery] /search/issues?q=author%3Ame%20repo%3Aother%2Frepo&per_page=30 ΓÇö rate limit: 29/5000

[90mstdout[2m | tests/unit/github-discovery.test.ts[2m > [22m[2mGitHub Discovery ΓÇö collaboration reason[2m > [22m[2mresolveCollaborationReason returns "pr,issue" when search finds both
[22m[39m[Discovery] /search/issues?q=author%3Ame%20repo%3Aother%2Frepo&per_page=30 ΓÇö rate limit: 29/5000

[90mstdout[2m | tests/unit/github-discovery.test.ts[2m > [22m[2mGitHub Discovery ΓÇö collaboration reason[2m > [22m[2mresolveCollaborationReason returns "collaborator" when search finds nothing
[22m[39m[Discovery] /search/issues?q=author%3Ame%20repo%3Aother%2Frepo&per_page=30 ΓÇö rate limit: 29/5000

[90mstdout[2m | tests/unit/github-discovery.test.ts[2m > [22m[2mGitHub Discovery ΓÇö collaboration reason[2m > [22m[2mresolveCollaborationReasons assigns owner for own repos, org_member for org repos, and queries external
[22m[39m[Discovery] /search/issues?q=author%3Ame%20repo%3Astranger%2Fext-repo&per_page=30 ΓÇö rate limit: 29/5000

[90mstdout[2m | tests/unit/github-oauth.test.ts[2m > [22m[2mpollForToken[2m > [22m[2mreturns null when authorization is pending
[22m[39m[OAuth] pollForToken raw response: {"error":"authorization_pending"}

[90mstdout[2m | tests/unit/github-oauth.test.ts[2m > [22m[2mpollForToken[2m > [22m[2mreturns null and adjusts interval on slow_down
[22m[39m[OAuth] pollForToken raw response: {"error":"slow_down","interval":"10"}
[OAuth] slow_down ΓÇö new interval: [33m15000[39m ms

[90mstdout[2m | tests/unit/github-oauth.test.ts[2m > [22m[2mpollForToken[2m > [22m[2mreturns the token on success
[22m[39m[OAuth] pollForToken raw response: {"access_token":"gho_abc","token_type":"bearer","scope":"repo"}

[90mstdout[2m | tests/unit/github-oauth.test.ts[2m > [22m[2mpollForToken[2m > [22m[2mthrows on OAuth error response
[22m[39m[OAuth] pollForToken raw response: {"error":"expired_token","error_description":"The device code has expired"}

 [32mΓ£ô[39m tests/unit/onedrive.test.ts [2m([22m[2m19 tests[22m[2m)[22m[33m 1163[2mms[22m[39m
[90mstdout[2m | tests/unit/github-discovery.test.ts[2m > [22m[2mGitHub Discovery ΓÇö collaboration reason[2m > [22m[2mrunDiscovery sets collaboration_reason for user repos when userLogin is provided
[22m[39m[Discovery] Starting ΓÇö fetching organizationsΓÇª

[90mstdout[2m | tests/unit/github-discovery.test.ts[2m > [22m[2mGitHub Discovery ΓÇö collaboration reason[2m > [22m[2mrunDiscovery sets collaboration_reason for user repos when userLogin is provided
[22m[39m[Discovery] /user/orgs?per_page=100 ΓÇö rate limit: 4998/5000

[90mstdout[2m | tests/unit/github-discovery.test.ts[2m > [22m[2mGitHub Discovery ΓÇö collaboration reason[2m > [22m[2mrunDiscovery sets collaboration_reason for user repos when userLogin is provided
[22m[39m[Discovery] Found 0 organization(s)
[Discovery] Fetching personal + collaborator + org-member reposΓÇª

[90mstdout[2m | tests/unit/github-discovery.test.ts[2m > [22m[2mGitHub Discovery ΓÇö collaboration reason[2m > [22m[2mrunDiscovery sets collaboration_reason for user repos when userLogin is provided
[22m[39m[Discovery] /user/repos?affiliation=owner,collaborator,organization_member&per_page=100 ΓÇö rate limit: 4995/5000

[90mstdout[2m | tests/unit/github-discovery.test.ts[2m > [22m[2mGitHub Discovery ΓÇö collaboration reason[2m > [22m[2mrunDiscovery sets collaboration_reason for user repos when userLogin is provided
[22m[39m[Discovery] Resolving collaboration reasons for 1 external reposΓÇª

[90mstdout[2m | tests/unit/github-discovery.test.ts[2m > [22m[2mGitHub Discovery ΓÇö collaboration reason[2m > [22m[2mrunDiscovery sets collaboration_reason for user repos when userLogin is provided
[22m[39m[Discovery] /search/issues?q=author%3Ame%20repo%3Aother%2Fcollab&per_page=30 ΓÇö rate limit: 4990/5000

[90mstdout[2m | tests/unit/github-discovery.test.ts[2m > [22m[2mGitHub Discovery ΓÇö collaboration reason[2m > [22m[2mrunDiscovery sets collaboration_reason for user repos when userLogin is provided
[22m[39m[Discovery] Personal + collaborator + org-member repos: 2 (total: 2)
[Discovery] Fetching starred reposΓÇª

[90mstdout[2m | tests/unit/github-discovery.test.ts[2m > [22m[2mGitHub Discovery ΓÇö collaboration reason[2m > [22m[2mrunDiscovery sets collaboration_reason for user repos when userLogin is provided
[22m[39m[Discovery] /user/starred?per_page=100 ΓÇö rate limit: 4990/5000

[90mstdout[2m | tests/unit/github-discovery.test.ts[2m > [22m[2mGitHub Discovery ΓÇö collaboration reason[2m > [22m[2mrunDiscovery sets collaboration_reason for user repos when userLogin is provided
[22m[39m[Discovery] Starred repos: 0

[90mstdout[2m | tests/unit/github-discovery.test.ts[2m > [22m[2mGitHub Discovery ΓÇö collaboration reason[2m > [22m[2mrunDiscovery sets collaboration_reason for user repos when userLogin is provided
[22m[39m[Discovery] Complete ΓÇö 0 orgs, 2 repos

 [32mΓ£ô[39m tests/unit/github-discovery.test.ts [2m([22m[2m30 tests[22m[2m)[22m[33m 885[2mms[22m[39m
 [32mΓ£ô[39m tests/unit/github-notifications.test.ts [2m([22m[2m29 tests[22m[2m)[22m[33m 550[2mms[22m[39m
stderr | tests/unit/agents-runner.test.ts > runAgentSession > phase 2 timeout: session completed using phase-1 fallback
[Agents] Phase 2 failed: Phase 2 timed out after 60 s ΓÇö could not extract structured findings

 [32mΓ£ô[39m tests/unit/github-oauth.test.ts [2m([22m[2m15 tests[22m[2m)[22m[33m 1252[2mms[22m[39m
     [33m[2mΓ£ô[22m[39m should upsert on conflict (same login) [33m 332[2mms[22m[39m
     [33m[2mΓ£ô[22m[39m should save, load, and delete a PAT [33m 349[2mms[22m[39m
 [32mΓ£ô[39m tests/unit/github-workflows.test.ts [2m([22m[2m25 tests[22m[2m)[22m[33m 362[2mms[22m[39m
 [32mΓ£ô[39m tests/unit/agents-runner.test.ts [2m([22m[2m22 tests[22m[2m)[22m[33m 498[2mms[22m[39m
 [32mΓ£ô[39m tests/unit/chat-helpers.test.ts [2m([22m[2m22 tests[22m[2m)[22m[33m 519[2mms[22m[39m
 [32mΓ£ô[39m tests/unit/agents-handler.test.ts [2m([22m[2m30 tests[22m[2m)[22m[33m 673[2mms[22m[39m
 [32mΓ£ô[39m tests/unit/encryption.test.ts [2m([22m[2m6 tests[22m[2m)[22m[33m 302[2mms[22m[39m
[90mstdout[2m | tests/unit/github-auth-handler.test.ts[2m > [22m[2mGitHub Auth plugin ΓÇö IPC handlers[2m > [22m[2mgithub:start-oauth[2m > [22m[2mreturns error when oauthClientId is not configured
[22m[39m[IPC] github:start-oauth called

 [32mΓ£ô[39m tests/unit/github-auth-handler.test.ts [2m([22m[2m16 tests[22m[2m)[22m[33m 1849[2mms[22m[39m
       [33m[2mΓ£ô[22m[39m returns { authenticated: true } with login when auth is stored [33m 345[2mms[22m[39m
 [32mΓ£ô[39m tests/unit/database.test.ts [2m([22m[2m7 tests[22m[2m)[22m[32m 155[2mms[22m[39m
 [32mΓ£ô[39m tests/unit/onenote-reader.test.ts [2m([22m[2m19 tests[22m[2m)[22m[32m 36[2mms[22m[39m
[90mstdout[2m | tests/unit/ollama.test.ts[2m > [22m[2mcheckOllama[2m > [22m[2mreturns available=true with models when fetch returns 200
[22m[39m[Ollama] Available ΓÇö 1 model(s): llama3.2:3b

[90mstdout[2m | tests/unit/ollama.test.ts[2m > [22m[2mcheckOllama[2m > [22m[2mreturns available=false with "Connection timed out" on AbortError
[22m[39m[Ollama] Not available: Connection timed out

[90mstdout[2m | tests/unit/ollama.test.ts[2m > [22m[2mcheckOllama[2m > [22m[2mreturns available=false with error message for generic network errors
[22m[39m[Ollama] Not available: ECONNREFUSED

 [32mΓ£ô[39m tests/unit/shared-utils.test.ts [2m([22m[2m61 tests[22m[2m)[22m[32m 25[2mms[22m[39m
 [32mΓ£ô[39m tests/unit/ollama.test.ts [2m([22m[2m16 tests[22m[2m)[22m[32m 33[2mms[22m[39m
 [32mΓ£ô[39m tests/unit/browser-companion-server.test.ts [2m([22m[2m7 tests[22m[2m)[22m[32m 5[2mms[22m[39m
 [32mΓ£ô[39m tests/unit/git-health.test.ts [2m([22m[2m21 tests[22m[2m)[22m[32m 97[2mms[22m[39m
 [32mΓ£ô[39m tests/unit/agent-config.test.ts [2m([22m[2m8 tests[22m[2m)[22m[32m 24[2mms[22m[39m
stderr | tests/unit/dashboard-handler.test.ts > Dashboard plugin ΓÇö IPC handlers > dashboard:get-summary > returns the empty fallback shape when listLocalRepos throws
[dashboard] dashboard:get-summary error: Error: disk error
    at C:/Users/RobBos/code/repos/rajbos/Jarvis/tests/unit/dashboard-handler.test.ts:118:15
    at Mock (file:///C:/Users/RobBos/code/repos/rajbos/Jarvis/node_modules/@vitest/spy/dist/index.js:332:34)
    at C:/Users/RobBos/code/repos/rajbos/Jarvis/src/plugins/dashboard/handler.ts:140:26
    at callHandler (C:/Users/RobBos/code/repos/rajbos/Jarvis/tests/unit/dashboard-handler.test.ts:77:10)
    at C:/Users/RobBos/code/repos/rajbos/Jarvis/tests/unit/dashboard-handler.test.ts:121:29
    at file:///C:/Users/RobBos/code/repos/rajbos/Jarvis/node_modules/@vitest/runner/dist/chunk-artifact.js:302:11
    at file:///C:/Users/RobBos/code/repos/rajbos/Jarvis/node_modules/@vitest/runner/dist/chunk-artifact.js:1903:26
    at file:///C:/Users/RobBos/code/repos/rajbos/Jarvis/node_modules/@vitest/runner/dist/chunk-artifact.js:2326:20
    at new Promise (<anonymous>)
    at runWithCancel (file:///C:/Users/RobBos/code/repos/rajbos/Jarvis/node_modules/@vitest/runner/dist/chunk-artifact.js:2323:10)

 [32mΓ£ô[39m tests/unit/onboarding.test.ts [2m([22m[2m4 tests[22m[2m)[22m[32m 126[2mms[22m[39m
 [32mΓ£ô[39m tests/unit/dashboard-handler.test.ts [2m([22m[2m8 tests[22m[2m)[22m[32m 211[2mms[22m[39m
stderr | tests/unit/ipc-registration.test.ts
[BrowserBridge] Server error: listen EADDRINUSE: address already in use 127.0.0.1:35789

 [32mΓ£ô[39m tests/unit/ipc-registration.test.ts [2m([22m[2m3 tests[22m[2m)[22m[32m 148[2mms[22m[39m
 [32mΓ£ô[39m tests/unit/event-bus.test.ts [2m([22m[2m13 tests[22m[2m)[22m[32m 8[2mms[22m[39m
 [32mΓ£ô[39m tests/unit/url-shortcut.test.ts [2m([22m[2m11 tests[22m[2m)[22m[32m 9[2mms[22m[39m
 [32mΓ£ô[39m tests/unit/preload-jarvisapi-parity.test.ts [2m([22m[2m3 tests[22m[2m)[22m[32m 3[2mms[22m[39m
 [32mΓ£ô[39m tests/unit/discovery-state.test.ts [2m([22m[2m4 tests[22m[2m)[22m[32m 3[2mms[22m[39m
[90mstdout[2m | tests/unit/handler-validation.test.ts[2m > [22m[2mIPC handler input validation[2m > [22m[2mgithub:oauth-status[2m > [22m[2mreturns { authenticated: false } on a fresh DB
[22m[39m[IPC] github:oauth-status called

[90mstdout[2m | tests/unit/handler-validation.test.ts[2m > [22m[2mIPC handler input validation[2m > [22m[2mgithub:start-oauth[2m > [22m[2mreturns an error when oauthClientId is not configured
[22m[39m[IPC] github:start-oauth called

stderr | tests/unit/handler-validation.test.ts
[BrowserBridge] Server error: listen EADDRINUSE: address already in use 127.0.0.1:35789

 [32mΓ£ô[39m tests/unit/handler-validation.test.ts [2m([22m[2m53 tests[22m[2m)[22m[33m 477[2mms[22m[39m

[2m Test Files [22m [1m[32m29 passed[39m[22m[90m (29)[39m
[2m      Tests [22m [1m[32m525 passed[39m[22m[90m (525)[39m
[2m   Start at [22m 12:38:09
[2m   Duration [22m 3.26s[2m (transform 7.44s, setup 0ms, import 11.19s, tests 11.44s, environment 4ms)[22m

